# Order matters!

beziers;Béziers
sete;Sète
meze;Mèze
bedarieux;Bédarieux
st bres;Saint-Brès
andre;André
st ;Saint-
clement de riviere;Clément-de-Rivière
riviere;rivière
clement;Clément
genies;Génies
jean de vedas;Jean-de-Védas
jean-de-vedas;Jean-de-Védas
jean-de-cuculles;Jean-de-Cuculles
jean-de-cornies;Jean-de-Cornies
thibery;Thibéry
etienne;Étienne
gervais sur mare;Gervais-sur-Mare
Gély du Fesc;Gély-du-Fesc
gely-du-fesc;Gély-du-Fesc
castelnau le lez;Castelnau-le-lez
av. de ;av de 
av de ;Avenue de 
av ;Avenue de 
fabregues;Fabrègues
grande motte;grande-motte
La tour/orb;La tour-sur-orb
La tour sur orb;La tour-sur-orb
Mas de londres;Mas-de-Londres
portiragnes plages;portiragnes plage
clément de rivière;clément-de-rivière
martin de londres;Martin-de-Londres
Viols le fort;Viols-le-fort
SABINES;Sabines
Station Sabines;Station tram Sabines
Station Tram Sabines;Station tram Sabines
Rte ;Route 
lignan sur orb;lignan-sur-orb
lunel viel;lunel-viel
pezenas;pézenas
andré de sangonis;andré-de-sangonis
bauzille de la sylve;bauzille-de-la-sylve
génies des m.;geniès-des-mourgues
génies de varensal;geniès-de-varensal
vincent de barb;vincent-de-barb
thezan les béziers;thézan-lès-béziers
villeneuve les béziers;villeneuve-lès-béziers
viols en laval;viols-en-laval

# Stations
Jean de Bébian;jean-de-bébian
Martin de Vignogoul;martin-de-vignogoul
Jean le Sec;jean-le-sec
Julien Nef;julien-nef

