# Regexp support
# sed -i 's,%s,%s,gI' line.txt
#
# Ignore case for both fields!
# Order matters!
#

# Global
ste \(\w\);sainte-\1

# Cities
beziers;béziers
sete;sète
meze;mèze
bedarieux;bédarieux
st bres;st brès
andre;andré
st \(\w\);saint \1
saint \(\w\);saint-\1
clement de riviere;clément-de-rivière
riviere;rivière
clement;clément
genies;génies
jean de vedas;jean-de-védas
jean-de-vedas;jean-de-védas
thibery;thibéry
etienne;étienne
gervais sur mare;gervais-sur-mare
gély du fesc;gély-du-fesc
gely-du-fesc;gély-du-fesc
castelnau le lez;castelnau-le-lez
av\.\(\w\);av. \1
av\. ;av 
av\. de ;av de 
av de ;avenue de 
av ;avenue de 
fabregues;fabrègues
grande motte;grande-motte
la tour/orb;la tour-sur-orb
la tour sur orb;la tour-sur-orb
mas de londres;mas-de-londres
portiragnes plages;portiragnes plage
clément de rivière;clément-de-rivière
martin de londres;martin-de-londres
viols le fort;viols-le-fort
sabines;sabines
station sabines;station tram sabines
rte ;route 
lignan sur orb;lignan-sur-orb
lunel viel;lunel-viel
pezenas;pézenas
andré de sangonis;andré-de-sangonis
bauzille de la sylve;bauzille-de-la-sylve
génies des m.;geniès-des-mourgues
génies de varensal;geniès-de-varensal
vincent de barb;vincent-de-barb
thezan les béziers;thézan-lès-béziers
villeneuve les béziers;villeneuve-lès-béziers
viols en laval;viols-en-laval
vacquieres;vacquières
cebazan;cébazan
lieuran cabrieres;lieuran-cabrières
vic la gardiole;vic-la-gardiole
peret;péret
étienne estrechoux;étienne-estréchoux
alignan du vent;alignan-du-vent
balaruc le vieux;balaruc-le-vieux
Balaruc Les Bains;Balaruc-Les-Bains
restinclieres;restinclières
ceilhes rocozels;ceilhes-et-rocozels
mathieu-de-treviers;mathieu-de-tréviers
herepian;hérépian
clermont l'herault;clermont-l'hérault
neffies;neffiès
le bousquet d'orb;le bousquet-d'orb
nezignan l'eveque;nézignan-l'évêque
babeau bouldoux;babeau-bouldoux
nebian;nébian
cabrieres;cabrières
lieuran les béziers;lieuran-les-béziers
avene les bains;avène-les-bains
avene;avène
belarga;bélarga
sommieres;sommières
nazaire-de-pezan;nazaire-de-pézan
le soulie;le soulié
le cres;le crès
murviel les mtp;murviel-les-montpellier
saint-georges d'o.;saint-georges-d'orques
vailhauques;vailhauquès

# Stations
jean de bébian;jean-de-bébian
martin de vignogoul;martin-de-vignogoul
jean le sec;jean-le-sec
julien nef;julien-nef
cooperative;coopérative
coopératives;coopérative
dom ;domaine 
dom\. ;domaine 
ecole;école
écoles;école
eglise;église
emb ;embr. 
emb\. ;embr. 
fontfroide le bas;fontfroide-le-bas
hélio marins;hélio marin
epi ;épi 
escolettes;escolette
rd613;rd 613
rd35;rd 35
rd922;rd 922
arret;arrêt
saint-xisaint-;saint-xist  
zac figuières;zac de figuières
ZA verriès;z. a. verriers 
ZA verries;z. a. verriers 
za \(\w\);z. a. \1
z\.a\. ;z. a. 
z\. a\. ;z. artisanale 
z.artisanale;z. artisanale
zone artisanale;z. artisanale
zac \(\w\);zac. \1
c\.commercial;c. commercial
c\. commercial;centre commercial
cc \(\w\);c. c. \1
c\.c\. ;c. c. 
caserne des pompiers;caserne pompiers
impots;impôts
ch. neuf;chemin neuf
roumangnac;roumagnac
embr. viols;embr. de viols
emeraude;émeraude
esplanande;esplanade
f.mistral;f. mistral
j\.\(\w\);j. \1
gare de nord;gare du nord
mourgettes;mourguettes
cabanes;cabannes
perouses;pérouses
lot\. pins;lot. les pins
lot \(\w\);lot. \1
lots\. \(\w\);lots \1
f\.bazille;f. bazille
j\. monnet;jean monnet
(centre rd 613);(centre)
valery;valéry
p.valéry;paul valéry
chenes;chênes
mais.retr;maison de retraite
peyres-canes;peyres cannes
place des alliès;place des alliés
place des alliés - gare sncf;place des alliés
pompiers;pompier
pompier;pompiers
pont autoroute -cimetière;pont autoroute
villeveuve;villeneuve
j\. moulin;jean moulin
j\. jaurès;jean jaurès
la baraque rd2;la baraque
la bascule rd 613;la bascule
letemple;temple
mairie annexe;mairie
mnt aux morts;monument aux morts
parking aires;parking des aires
pl\. \(\w\);place \1
porte de la mer;portes de la mer
ptes de la mer;portes de la mer
poroute de la mer; portes de la mer
coulondres;coulondre
cevennes;cévennes
- roque haute;/ roque haute
station tam ;station tram 
station tramway;station tram
station ;station tram 
station tram tram;station tram
tam \(\w\);station tram \1
tram \(\w\);station tram \1
station station;station
slycée;lycée
triols;triol
vandoulières;vandoulière
vandoulière;vandoulières
vignes;vigne
vigne;vignes
vitarelles;vitarelle
mas perie;mas périe
rond poind;rond point
rond point 4 tos;rond point des 4 tos
guesde (massena);guesde
j. guesde;lycée j. guesde
j. guesde;jules guesde
lycée lycée;lycée
lep vinci;lep léonard de vinci
lep l. de vinci;lep léonard de vinci
théatre;théâtre

